// Jest Snapshot v1, https://goo.gl/fbAQLP

exports[`Should render ExpenseListIten 1`] = `
<div>
  <[object Object]
    to="/edit/1"
  >
    <h3>
      Coffee
    </h3>
  </[object Object]>
  <p>
    Amount: 
    $3.00
  </p>
  <p>
    Created at: 
    1st January, 1970
  </p>
</div>
`;
