// Jest Snapshot v1, https://goo.gl/fbAQLP

exports[`Should render Header correctly 1`] = `
<header>
  <h1>
    Expensify
  </h1>
  <[object Object]
    activeClassName="is-active"
    exact={true}
    to="/"
  >
    Home Page
  </[object Object]>
  <[object Object]
    activeClassName="is-active"
    to="/create"
  >
    Create Expense Page
  </[object Object]>
  <[object Object]
    activeClassName="is-active"
    to="/help"
  >
    Help Page
  </[object Object]>
</header>
`;
